// Vitest Snapshot v1, https://vitest.dev/guide/snapshot.html

exports[`Logo > matches SVG structure snapshot 1`] = `
<svg
  aria-hidden="true"
  class="_icon_400831"
  data-initial="false"
  fill="none"
  role="img"
  viewBox="0 0 48 48"
  xmlns="http://www.w3.org/2000/svg"
>
  <title>
    Finora Logo
  </title>
  <desc>
    Stilisiertes F mit aufsteigender Wachstumslinie
  </desc>
  <defs>
    <lineargradient
      id="logoPrimary-_r_1g_"
      x1="0%"
      x2="100%"
      y1="0%"
      y2="100%"
    >
      <stop
        class="_gradientStopPrimary_400831"
        offset="0%"
      />
      <stop
        class="_gradientStopSecondary_400831"
        offset="100%"
      />
    </lineargradient>
    <lineargradient
      id="logoAccent-_r_1g_"
      x1="0%"
      x2="100%"
      y1="100%"
      y2="0%"
    >
      <stop
        class="_gradientStopAccent1_400831"
        offset="0%"
      />
      <stop
        class="_gradientStopAccent2_400831"
        offset="100%"
      />
    </lineargradient>
    <filter
      height="200%"
      id="logoGlow-_r_1g_"
      width="200%"
      x="-50%"
      y="-50%"
    >
      <fegaussianblur
        result="blur"
        stdDeviation="1.5"
      />
      <femerge>
        <femergenode
          in="blur"
        />
        <femergenode
          in="SourceGraphic"
        />
      </femerge>
    </filter>
  </defs>
  <path
    class="_letterPath_400831"
    d="M14 10h20c1.1 0 2 .9 2 2v2c0 1.1-.9 2-2 2H18v6h12c1.1 0 2 .9 2 2v2c0 1.1-.9 2-2 2H18v8c0 1.1-.9 2-2 2h-2c-1.1 0-2-.9-2-2V12c0-1.1.9-2 2-2z"
  />
  <path
    class="_growthLine_400831"
    d="M24 38L30 30L36 33L42 22"
    filter="url(#logoGlow-_r_1g_)"
    stroke-linecap="round"
    stroke-linejoin="round"
    stroke-width="3"
  />
  <circle
    class="_peakDot_400831"
    cx="42"
    cy="22"
    filter="url(#logoGlow-_r_1g_)"
    r="3.5"
  />
</svg>
`;
